// Jest Snapshot v1, https://goo.gl/fbAQLP

exports[`Title renders snapshot matches 1`] = `
<DocumentFragment>
  <h1
    class="text-t1 md:text-t1-md lg:text-t1-lg"
  >
    Heading Default
  </h1>
  <h1
    class="text-t1 md:text-t1-md lg:text-t1-lg"
  >
    Heading h1 / Title 1
  </h1>
  <h2
    class="text-t2"
  >
    Heading h2 / Title 2
  </h2>
  <h3
    class="text-t3"
  >
    Heading h3 / Title 3
  </h3>
  <h4
    class="text-t4"
  >
    Heading h4 / Title 4
  </h4>
  <h5
    class="text-t5"
  >
    Heading h5 / Title 5
  </h5>
  <h6
    class="text-t6"
  >
    Heading h6 / Title 6
  </h6>
  <h1
    class="text-t2"
  >
    Heading h1 / Title 2
  </h1>
  <h2
    aria-label="Title with additional settings"
    class="text-t4 text-[pink] text-center"
  >
    <span>
      Title w/additional settings
    </span>
  </h2>
</DocumentFragment>
`;
